// Jest Snapshot v1, https://goo.gl/fbAQLP

exports[`<Head /> renders properly 1`] = `
<styled__Header>
  <styled__Logo
    aria-label="Logo picture"
    href="/"
    title="Homepage"
  />
</styled__Header>
`;
