// Jest Snapshot v1, https://goo.gl/fbAQLP

exports[`<Currency /> renders properly 1`] = `
<CurrencyList
  aliases={
    Object {
      "Russian Rouble": "RUB",
    }
  }
  handleChangeCurrency={[MockFunction]}
  selectedCurrency="Russian Rouble"
/>
`;
