// Jest Snapshot v1, https://goo.gl/fbAQLP

exports[`<Filters /> renders properly 1`] = `
ShallowWrapper {
  "length": 1,
  Symbol(enzyme.__root__): [Circular],
  Symbol(enzyme.__unrendered__): <Filters
    changeStops={[MockFunction]}
    render={
      [MockFunction] {
        "calls": Array [
          Array [
            "Количество пересадок",
            <Stops
              changeStops={[MockFunction]}
              stops={
                Object {
                  "0": true,
                  "1": false,
                  "2": false,
                }
              }
            />,
          ],
        ],
        "results": Array [
          Object {
            "isThrow": false,
            "value": undefined,
          },
        ],
      }
    }
    stops={
      Object {
        "0": true,
        "1": false,
        "2": false,
      }
    }
  />,
  Symbol(enzyme.__renderer__): Object {
    "batchedUpdates": [Function],
    "getNode": [Function],
    "render": [Function],
    "simulateEvent": [Function],
    "unmount": [Function],
  },
  Symbol(enzyme.__node__): undefined,
  Symbol(enzyme.__nodes__): Array [
    undefined,
  ],
  Symbol(enzyme.__options__): Object {
    "adapter": ReactSixteenAdapter {
      "options": Object {
        "enableComponentDidUpdateOnSetState": true,
      },
    },
  },
}
`;
