// Jest Snapshot v1, https://goo.gl/fbAQLP

exports[`<EmptyResult /> renders properly 1`] = `
<Message>
  <h2>
    По заданным критериям билетов не найдено!
  </h2>
</Message>
`;
