// Jest Snapshot v1, https://goo.gl/fbAQLP

exports[`<Error /> renders properly 1`] = `
<Message>
  <h2>
    <span>
      –ë–∏–ª–µ—Ç—ã –∑–∞–≥—Ä—É–∑–∏—Ç—å –Ω–µ —É–¥–∞–ª–æ—Å—å
    </span>
     
    <span
      role="img"
    >
      üò•
    </span>
     
    (
    Some Error
    )
  </h2>
  <error__RetryButton
    onClick={[MockFunction]}
  >
    –ü–æ–≤—Ç–æ—Ä–∏—Ç—å
  </error__RetryButton>
</Message>
`;
