// Jest Snapshot v1, https://goo.gl/fbAQLP

exports[`<Message /> renders properly 1`] = `
<message__MessageContainer>
  <message__MessageContent>
    Some Message
  </message__MessageContent>
</message__MessageContainer>
`;
