// Jest Snapshot v1, https://goo.gl/fbAQLP

exports[`<StopOnly /> renders properly 1`] = `
<styled__StopOnlyButton>
  <styled__Button
    onClick={[MockFunction]}
    onKeyDown={[Function]}
  >
    Только
  </styled__Button>
</styled__StopOnlyButton>
`;
